MPLINK 4.48, Linker
Linker Map File - Created Tue Mar 21 16:33:23 2023

                                 Section Info
                  Section       Type    Address   Location Size(Bytes)
                ---------  ---------  ---------  ---------  ---------
                   .org_0       code   0x000000    program   0x00006c
                   .cinit    romdata   0x000036    program   0x000004



                              Program Memory Usage 
                               Start         End      
                           ---------   ---------      
                            0x000000    0x000037      
            56 out of 1094 program addresses used, program memory utilization is 5%



                              Symbols - Sorted by Name
                     Name    Address   Location    Storage File                     
                ---------  ---------  ---------  --------- ---------                
            CheckHighByte   0x000013    program     static C:\Users\KC209-11\Desktop\lab2\lab6\division.asm
                    Cycle   0x00000b    program     static C:\Users\KC209-11\Desktop\lab2\lab6\division.asm
                  Delenie   0x000009    program     static C:\Users\KC209-11\Desktop\lab2\lab6\division.asm
                   EndDiv   0x000018    program     static C:\Users\KC209-11\Desktop\lab2\lab6\division.asm
                     Mark   0x000020    program     static C:\Users\KC209-11\Desktop\lab2\lab6\division.asm
                 RetCycle   0x00000f    program     static C:\Users\KC209-11\Desktop\lab2\lab6\division.asm
                    Start   0x000001    program     static C:\Users\KC209-11\Desktop\lab2\lab6\division.asm
                      Viv   0x00002e    program     static C:\Users\KC209-11\Desktop\lab2\lab6\division.asm
                  endless   0x00001a    program     static C:\Users\KC209-11\Desktop\lab2\lab6\division.asm



                              Symbols - Sorted by Address
                     Name    Address   Location    Storage File                     
                ---------  ---------  ---------  --------- ---------                
                    Start   0x000001    program     static C:\Users\KC209-11\Desktop\lab2\lab6\division.asm
                  Delenie   0x000009    program     static C:\Users\KC209-11\Desktop\lab2\lab6\division.asm
                    Cycle   0x00000b    program     static C:\Users\KC209-11\Desktop\lab2\lab6\division.asm
                 RetCycle   0x00000f    program     static C:\Users\KC209-11\Desktop\lab2\lab6\division.asm
            CheckHighByte   0x000013    program     static C:\Users\KC209-11\Desktop\lab2\lab6\division.asm
                   EndDiv   0x000018    program     static C:\Users\KC209-11\Desktop\lab2\lab6\division.asm
                  endless   0x00001a    program     static C:\Users\KC209-11\Desktop\lab2\lab6\division.asm
                     Mark   0x000020    program     static C:\Users\KC209-11\Desktop\lab2\lab6\division.asm
                      Viv   0x00002e    program     static C:\Users\KC209-11\Desktop\lab2\lab6\division.asm


