MPLINK 4.48, Linker
Linker Map File - Created Mon Mar 20 15:58:03 2023

                                 Section Info
                  Section       Type    Address   Location Size(Bytes)
                ---------  ---------  ---------  ---------  ---------
                   .org_0       code   0x000000    program   0x000002
                   .cinit    romdata   0x000001    program   0x000004
                   .org_1       code   0x000004    program   0x00002a



                              Program Memory Usage 
                               Start         End      
                           ---------   ---------      
                            0x000000    0x000002      
                            0x000004    0x000018      
            24 out of 1094 program addresses used, program memory utilization is 2%



                              Symbols - Sorted by Name
                     Name    Address   Location    Storage File                     
                ---------  ---------  ---------  --------- ---------                
                    Start   0x00000b    program     static C:\Users\KC-209-12\Downloads\24.asm
                    Timer   0x000005    program     static C:\Users\KC-209-12\Downloads\24.asm
                     loop   0x000016    program     static C:\Users\KC-209-12\Downloads\24.asm
                     next   0x000009    program     static C:\Users\KC-209-12\Downloads\24.asm



                              Symbols - Sorted by Address
                     Name    Address   Location    Storage File                     
                ---------  ---------  ---------  --------- ---------                
                    Timer   0x000005    program     static C:\Users\KC-209-12\Downloads\24.asm
                     next   0x000009    program     static C:\Users\KC-209-12\Downloads\24.asm
                    Start   0x00000b    program     static C:\Users\KC-209-12\Downloads\24.asm
                     loop   0x000016    program     static C:\Users\KC-209-12\Downloads\24.asm


